#
# There is insufficient memory for the Java Runtime Environment to continue.
# Native memory allocation (mmap) failed to map 98566144 bytes for G1 virtual space
# Possible reasons:
#   The system is out of physical RAM or swap space
#   The process is running with CompressedOops enabled, and the Java Heap may be blocking the growth of the native heap
# Possible solutions:
#   Reduce memory load on the system
#   Increase physical memory or swap space
#   Check if swap backing store is full
#   Decrease Java heap size (-Xmx/-Xms)
#   Decrease number of Java threads
#   Decrease Java thread stack sizes (-Xss)
#   Set larger code cache with -XX:ReservedCodeCacheSize=
#   JVM is running with Unscaled Compressed Oops mode in which the Java heap is
#     placed in the first 4GB address space. The Java Heap base address is the
#     maximum limit for the native heap growth. Please use -XX:HeapBaseMinAddress
#     to set the Java Heap base and to place the Java Heap above 4GB virtual address.
# This output file may be truncated or incomplete.
#
#  Out of Memory Error (os_windows.cpp:3528), pid=22248, tid=24988
#
# JRE version:  (20.0.2.1+10) (build )
# Java VM: OpenJDK 64-Bit Server VM (20.0.2.1+10-FR, mixed mode, sharing, tiered, compressed oops, compressed class ptrs, g1 gc, windows-amd64)
# No core dump will be written. Minidumps are not enabled by default on client versions of Windows
#

---------------  S U M M A R Y ------------

Command Line: -Djava.library.path=C:\opencv\build\java\x64 -javaagent:C:\Program Files\JetBrains\IntelliJ IDEA 2024.1.4\lib\idea_rt.jar=58236:C:\Program Files\JetBrains\IntelliJ IDEA 2024.1.4\bin -Dfile.encoding=UTF-8 -Dsun.stdout.encoding=UTF-8 -Dsun.stderr.encoding=UTF-8 Main

Host: AMD Ryzen 7 5700U with Radeon Graphics         , 16 cores, 5G,  Windows 10 , 64 bit Build 19041 (10.0.19041.5794)
Time: Sun May 18 12:47:24 2025 GTB Daylight Time elapsed time: 0.023198 seconds (0d 0h 0m 0s)

---------------  T H R E A D  ---------------

Current thread (0x000001ebb30bc8b0):  JavaThread "Unknown thread" [_thread_in_vm, id=24988, stack(0x0000002023400000,0x0000002023500000)]

Stack: [0x0000002023400000,0x0000002023500000]
Native frames: (J=compiled Java code, j=interpreted, Vv=VM code, C=native code)
V  [jvm.dll+0x6ba11a]
V  [jvm.dll+0x8968da]
V  [jvm.dll+0x898665]
V  [jvm.dll+0x898d53]
V  [jvm.dll+0x27f9ff]
V  [jvm.dll+0x6b6f69]
V  [jvm.dll+0x6abe7a]
V  [jvm.dll+0x358ce5]
V  [jvm.dll+0x360e46]
V  [jvm.dll+0x3b19fe]
V  [jvm.dll+0x3b1c85]
V  [jvm.dll+0x329d4a]
V  [jvm.dll+0x32ab6b]
V  [jvm.dll+0x86014f]
V  [jvm.dll+0x3be8d1]
V  [jvm.dll+0x84bc93]
V  [jvm.dll+0x44a22f]
V  [jvm.dll+0x44bcc1]
C  [jli.dll+0x525c]
C  [ucrtbase.dll+0x21bb2]
C  [KERNEL32.DLL+0x17374]
C  [ntdll.dll+0x4cc91]


---------------  P R O C E S S  ---------------

Threads class SMR info:
_java_thread_list=0x00007ffa7154e658, length=0, elements={
}

Java Threads: ( => current thread )

Other Threads:
  0x000001ebb310c7d0 WorkerThread "GC Thread#0" [stack: 0x0000002023500000,0x0000002023600000] [id=25500]
  0x000001ebb3119420 ConcurrentGCThread "G1 Main Marker" [stack: 0x0000002023600000,0x0000002023700000] [id=15892]
  0x000001ebb311a500 WorkerThread "G1 Conc#0" [stack: 0x0000002023700000,0x0000002023800000] [id=24040]

[error occurred during error reporting (printing all threads), id 0xc0000005, EXCEPTION_ACCESS_VIOLATION (0xc0000005) at pc=0x00007ffa70ccca97]
VM state: not at safepoint (not fully initialized)

VM Mutex/Monitor currently owned by a thread:  ([mutex/lock_event])
[0x000001ebb30b9310] Heap_lock - owner thread: 0x000001ebb30bc8b0

Heap address: 0x00000000a2200000, size: 1502 MB, Compressed Oops mode: 32-bit

CDS archive(s) mapped at: [0x0000000000000000-0x0000000000000000-0x0000000000000000), size 0, SharedBaseAddress: 0x0000000800000000, ArchiveRelocationMode: 1.
Narrow klass base: 0x0000000000000000, Narrow klass shift: 0, Narrow klass range: 0x0

GC Precious Log:
 CardTable entry size: 512
 Card Set container configuration: InlinePtr #cards 5 size 8 Array Of Cards #cards 12 size 40 Howl #buckets 4 coarsen threshold 1843 Howl Bitmap #cards 512 size 80 coarsen threshold 460 Card regions per heap region 1 cards per card region 2048

Heap:
 garbage-first heap   total 0K, used 0K [0x00000000a2200000, 0x0000000100000000)
  region size 1024K, 0 young (0K), 0 survivors (0K)

[error occurred during error reporting (printing heap information), id 0xc0000005, EXCEPTION_ACCESS_VIOLATION (0xc0000005) at pc=0x00007ffa710a2409]
GC Heap History (0 events):
No events

Dll operation events (1 events):
Event: 0.012 Loaded shared library C:\Users\Angi\.jdks\corretto-20.0.2.1\bin\java.dll

Deoptimization events (0 events):
No events

Classes loaded (0 events):
No events

Classes unloaded (0 events):
No events

Classes redefined (0 events):
No events

Internal exceptions (0 events):
No events

VM Operations (0 events):
No events

Events (0 events):
No events


Dynamic libraries:
0x00007ff68a2d0000 - 0x00007ff68a2de000 	C:\Users\Angi\.jdks\corretto-20.0.2.1\bin\java.exe
0x00007ffb5b9d0000 - 0x00007ffb5bbc8000 	C:\Windows\SYSTEM32\ntdll.dll
0x00007ffaf4f30000 - 0x00007ffaf4f4b000 	C:\Program Files\Avast Software\Avast\aswhook.dll
0x00007ffb59b10000 - 0x00007ffb59bd2000 	C:\Windows\System32\KERNEL32.DLL
0x00007ffb59700000 - 0x00007ffb599f6000 	C:\Windows\System32\KERNELBASE.dll
0x00007ffb594f0000 - 0x00007ffb595f0000 	C:\Windows\System32\ucrtbase.dll
0x00007ffb24570000 - 0x00007ffb24587000 	C:\Users\Angi\.jdks\corretto-20.0.2.1\bin\jli.dll
0x00007ffb19b90000 - 0x00007ffb19bab000 	C:\Users\Angi\.jdks\corretto-20.0.2.1\bin\VCRUNTIME140.dll
0x00007ffb5b6c0000 - 0x00007ffb5b85d000 	C:\Windows\System32\USER32.dll
0x00007ffb59620000 - 0x00007ffb59642000 	C:\Windows\System32\win32u.dll
0x00007ffb409b0000 - 0x00007ffb40c4a000 	C:\Windows\WinSxS\amd64_microsoft.windows.common-controls_6595b64144ccf1df_6.0.19041.5794_none_60bcd33171f2783c\COMCTL32.dll
0x00007ffb59a00000 - 0x00007ffb59a2b000 	C:\Windows\System32\GDI32.dll
0x00007ffb5b420000 - 0x00007ffb5b4be000 	C:\Windows\System32\msvcrt.dll
0x00007ffb59270000 - 0x00007ffb5938a000 	C:\Windows\System32\gdi32full.dll
0x00007ffb590c0000 - 0x00007ffb5915d000 	C:\Windows\System32\msvcp_win.dll
0x00007ffb5af60000 - 0x00007ffb5af8f000 	C:\Windows\System32\IMM32.DLL
0x00007ffb31820000 - 0x00007ffb3182c000 	C:\Users\Angi\.jdks\corretto-20.0.2.1\bin\vcruntime140_1.dll
0x00007ffb03b60000 - 0x00007ffb03bee000 	C:\Users\Angi\.jdks\corretto-20.0.2.1\bin\msvcp140.dll
0x00007ffa70990000 - 0x00007ffa71694000 	C:\Users\Angi\.jdks\corretto-20.0.2.1\bin\server\jvm.dll
0x00007ffb5b610000 - 0x00007ffb5b6bf000 	C:\Windows\System32\ADVAPI32.dll
0x00007ffb59d10000 - 0x00007ffb59daf000 	C:\Windows\System32\sechost.dll
0x00007ffb59be0000 - 0x00007ffb59d03000 	C:\Windows\System32\RPCRT4.dll
0x00007ffb595f0000 - 0x00007ffb59617000 	C:\Windows\System32\bcrypt.dll
0x00007ffb48e20000 - 0x00007ffb48e29000 	C:\Windows\SYSTEM32\WSOCK32.dll
0x00007ffb4df80000 - 0x00007ffb4df8a000 	C:\Windows\SYSTEM32\VERSION.dll
0x00007ffb4df50000 - 0x00007ffb4df77000 	C:\Windows\SYSTEM32\WINMM.dll
0x00007ffb5b920000 - 0x00007ffb5b98b000 	C:\Windows\System32\WS2_32.dll
0x00007ffb56dd0000 - 0x00007ffb56de2000 	C:\Windows\SYSTEM32\kernel.appcore.dll
0x00007ffb2ca80000 - 0x00007ffb2ca8a000 	C:\Users\Angi\.jdks\corretto-20.0.2.1\bin\jimage.dll
0x00007ffb4aad0000 - 0x00007ffb4acd1000 	C:\Windows\SYSTEM32\DBGHELP.DLL
0x00007ffb4aa60000 - 0x00007ffb4aa94000 	C:\Windows\SYSTEM32\dbgcore.DLL
0x00007ffb59160000 - 0x00007ffb591e2000 	C:\Windows\System32\bcryptPrimitives.dll
0x00007ffb565c0000 - 0x00007ffb565ce000 	C:\Users\Angi\.jdks\corretto-20.0.2.1\bin\instrument.dll
0x00007ffb19b60000 - 0x00007ffb19b86000 	C:\Users\Angi\.jdks\corretto-20.0.2.1\bin\java.dll

dbghelp: loaded successfully - version: 4.0.5 - missing functions: none
symbol engine: initialized successfully - sym options: 0x614 - pdb path: .;C:\Users\Angi\.jdks\corretto-20.0.2.1\bin;C:\Windows\SYSTEM32;C:\Program Files\Avast Software\Avast;C:\Windows\WinSxS\amd64_microsoft.windows.common-controls_6595b64144ccf1df_6.0.19041.5794_none_60bcd33171f2783c;C:\Users\Angi\.jdks\corretto-20.0.2.1\bin\server

VM Arguments:
jvm_args: -Djava.library.path=C:\opencv\build\java\x64 -javaagent:C:\Program Files\JetBrains\IntelliJ IDEA 2024.1.4\lib\idea_rt.jar=58236:C:\Program Files\JetBrains\IntelliJ IDEA 2024.1.4\bin -Dfile.encoding=UTF-8 -Dsun.stdout.encoding=UTF-8 -Dsun.stderr.encoding=UTF-8 
java_command: Main
java_class_path (initial): C:\Users\Angi\Desktop\JavaFD\target\classes;C:\opencv\build\java\opencv-4110.jar
Launcher Type: SUN_STANDARD

[Global flags]
     intx CICompilerCount                          = 12                                        {product} {ergonomic}
     uint ConcGCThreads                            = 3                                         {product} {ergonomic}
     uint G1ConcRefinementThreads                  = 13                                        {product} {ergonomic}
   size_t G1HeapRegionSize                         = 1048576                                   {product} {ergonomic}
    uintx GCDrainStackTargetSize                   = 64                                        {product} {ergonomic}
   size_t InitialHeapSize                          = 98566144                                  {product} {ergonomic}
   size_t MarkStackSize                            = 4194304                                   {product} {ergonomic}
   size_t MaxHeapSize                              = 1574961152                                {product} {ergonomic}
   size_t MinHeapDeltaBytes                        = 1048576                                   {product} {ergonomic}
   size_t MinHeapSize                              = 8388608                                   {product} {ergonomic}
    uintx NonNMethodCodeHeapSize                   = 7602480                                {pd product} {ergonomic}
    uintx NonProfiledCodeHeapSize                  = 122027880                              {pd product} {ergonomic}
    uintx ProfiledCodeHeapSize                     = 122027880                              {pd product} {ergonomic}
    uintx ReservedCodeCacheSize                    = 251658240                              {pd product} {ergonomic}
     bool SegmentedCodeCache                       = true                                      {product} {ergonomic}
   size_t SoftMaxHeapSize                          = 1574961152                             {manageable} {ergonomic}
     bool UseCompressedClassPointers               = true                           {product lp64_product} {ergonomic}
     bool UseCompressedOops                        = true                           {product lp64_product} {ergonomic}
     bool UseG1GC                                  = true                                      {product} {ergonomic}
     bool UseLargePagesIndividualAllocation        = false                                  {pd product} {ergonomic}

Logging:
Log output configuration:
 #0: stdout all=warning uptime,level,tags foldmultilines=false
 #1: stderr all=off uptime,level,tags foldmultilines=false

Environment Variables:
JAVA_HOME=C:\Program Files\Java\jdk-17
PATH=C:\Program Files (x86)\VMware\VMware Player\bin\;C:\app\Angi\product\21c\dbhomeXE\bin;C:\Program Files\Common Files\Oracle\Java\javapath;C:\Program Files (x86)\Common Files\Oracle\Java\java8path;C:\Program Files (x86)\Common Files\Oracle\Java\javapath;C:\Python312\Scripts\;C:\Python312\;C:\Windows\system32;C:\Windows;C:\Windows\System32\Wbem;C:\Windows\System32\WindowsPowerShell\v1.0\;C:\Windows\System32\OpenSSH\;C:\ProgramData\chocolatey\bin;C:\Program Files\Java\jdk-17\bin;C:\Program Files\Git\cmd;C:\Program Files (x86)\Windows Kits\10\Windows Performance Toolkit\;C:\Program Files\Microsoft SQL Server\150\Tools\Binn\;C:\Program Files\Microsoft SQL Server\Client SDK\ODBC\170\Tools\Binn\;C:\Program Files\dotnet\;C:\Program Files\nodejs\;C:\Program Files\Docker\Docker\resources\bin;C:\Tools\apache-maven-3.9.9\bin;C:\Tools\chromedriver-win64;C:\Program Files (x86)\Microsoft SQL Server\160\Tools\Binn\;C:\Program Files\Microsoft SQL Server\160\Tools\Binn\;C:\Program Files\Microsoft SQL Server\160\DTS\Binn\;C:\Program Files (x86)\Microsoft SQL Server\160\DTS\Binn\;C:\Users\Angi\AppData\Local\Microsoft\WindowsApps;C:\Users\Angi\AppData\Local\Programs\Microsoft VS Code\bin;C:\Program Files\nodejs;C:\Program Files\OpenSSL-Win64\bin;C:\MinGW\bin;C:\Users\Angi\.dotnet\tools;C:\Users\Angi\AppData\Roaming\npm;
USERNAME=Angi
OS=Windows_NT
PROCESSOR_IDENTIFIER=AMD64 Family 23 Model 104 Stepping 1, AuthenticAMD
TMP=C:\Users\Angi\AppData\Local\Temp
TEMP=C:\Users\Angi\AppData\Local\Temp




---------------  S Y S T E M  ---------------

OS:
 Windows 10 , 64 bit Build 19041 (10.0.19041.5794)
OS uptime: 0 days 3:44 hours
Hyper-V role detected

CPU: total 16 (initial active 16) (16 cores per cpu, 2 threads per core) family 23 model 104 stepping 1 microcode 0x0, cx8, cmov, fxsr, ht, mmx, 3dnowpref, sse, sse2, sse3, ssse3, sse4a, sse4.1, sse4.2, popcnt, lzcnt, tsc, tscinvbit, avx, avx2, aes, clmul, bmi1, bmi2, adx, sha, fma, vzeroupper, clflush, clflushopt, hv, rdtscp, rdpid, f16c

Memory: 4k page, system-wide physical 6005M (471M free)
TotalPageFile size 24437M (AvailPageFile size 18M)
current process WorkingSet (physical memory assigned to process): 10M, peak: 10M
current process commit charge ("private bytes"): 70M, peak: 164M

vm_info: OpenJDK 64-Bit Server VM (20.0.2.1+10-FR) for windows-amd64 JRE (20.0.2.1+10-FR), built on 2023-08-19T09:18:31Z by "Administrator" with unknown MS VC++:1937

END.
